ok   reverse mutation caught and bytes restored: Large OSV originals retain every byte while OSV and NVD capacity limits remain distinct
ok   reverse mutation caught and bytes restored: Large OSV originals retain every byte while OSV and NVD capacity limits remain distinct
ok   reverse mutation caught and bytes restored: OSV opaque upstream IDs with internal spaces retain exact identity and original content
ok   reverse mutation caught and bytes restored: OSV modified index deduplicates ecosystems and retries a failed page without advancing watermark
ok   reverse mutation caught and bytes restored: OSV frozen manifest rejects changed window malformed chronology and archive corruption
ok   reverse mutation caught and bytes restored: OSV chunk retry drops uncommitted trailing bytes and never loads the entire download
ok   reverse mutation caught and bytes restored: OSV frozen manifest rejects changed window malformed chronology and archive corruption
ok   reverse mutation caught and bytes restored: NVD version bounds require a supported evidenced comparator and preserve SemVer case and endpoints
ok   reverse mutation caught and bytes restored: NVD AND OR and environmental conditions retain three-valued eligibility without false vulnerability witnesses
ok   reverse mutation caught and bytes restored: NVD AND OR and environmental conditions retain three-valued eligibility without false vulnerability witnesses
ok   reverse mutation caught and bytes restored: NVD negation and double negation preserve unknowns and never invent configuration operators
ok   reverse mutation caught and bytes restored: CPE matching distinguishes ANY NA escaping and zero-or-one question marks without regex backtracking
ok   reverse mutation caught and bytes restored: NVD source revision and additional affected formats cannot be silently ignored
ok   reverse mutation caught and bytes restored: NVD source revision and additional affected formats cannot be silently ignored
ok   reverse mutation caught and bytes restored: NVD source revision and additional affected formats cannot be silently ignored
ok   reverse mutation caught and bytes restored: NVD native products retain exact identity default status sorted changes and semantic endpoints
ok   reverse mutation caught and bytes restored: NVD native products retain exact identity default status sorted changes and semantic endpoints
ok   reverse mutation caught and bytes restored: NVD native products retain exact identity default status sorted changes and semantic endpoints
ok   reverse mutation caught and bytes restored: NVD native context restrictions require observed evidence and reject cross-asset products
ok   reverse mutation caught and bytes restored: NVD native registry identities and providers cannot override complementary CPE conditions
ok   reverse mutation caught and bytes restored: NVD native registry identities and providers cannot override complementary CPE conditions
ok   reverse mutation caught and bytes restored: NVD native context restrictions require observed evidence and reject cross-asset products
ok   reverse mutation caught and bytes restored: NVD native product decisions process every condition beyond clipped source previews
ok   reverse mutation caught and bytes restored: OSV ranges sort transitions preserve fixed boundaries and union multiple limits
ok   reverse mutation caught and bytes restored: native unsupported ranges missing evidence and incomplete inventories never imply exclusions
ok   reverse mutation caught and bytes restored: declared aliases exclude upstream related and body-mentioned vulnerability identifiers
ok   reverse mutation caught and bytes restored: API source documents retain complete native conditions and future fields with bounded previews
ok   reverse mutation caught and bytes restored: API document cache refuses changed cached bytes invalid identities and oversized records
ok   reverse mutation caught and bytes restored: KEV upgrade corrects persisted chronology without changing source bytes history or checkpoints
ok   reverse mutation caught and bytes restored: KEV catalogue addition never replaces an old disclosure or makes legacy records fresh
ok   reverse mutation caught and bytes restored: page write failure rolls back current records, history and cursor together
ok   reverse mutation caught and bytes restored: legacy migration retains every record, original bytes and committed versus dangling revision history
ok   reverse mutation caught and bytes restored: metadata search includes alternate source text, literal two-character terms and stable bounded pages
ok   reverse mutation caught and bytes restored: metadata search includes alternate source text, literal two-character terms and stable bounded pages
ok   reverse mutation caught and bytes restored: withdrawal from the thirteenth source record is visible beyond clipped source previews
ok   reverse mutation caught and bytes restored: original content is paged by exact revision and refuses tampered bytes or paths outside the cache
ok   reverse mutation caught and bytes restored: original content is paged by exact revision and refuses tampered bytes or paths outside the cache
ok   reverse mutation caught and bytes restored: tree difference separates original content move from modification, new file and deletion
ok   reverse mutation caught and bytes restored: actual Git baseline pins HEAD, reads every file and stores original bytes without checkout or execution
ok   reverse mutation caught and bytes restored: one Git batch reads pinned byte counts and refuses corrupted content, headers and extra output
ok   reverse mutation caught and bytes restored: Nuclei and Afrog read separate actual YAML scopes with commit dates excluded from disclosure freshness
ok   reverse mutation caught and bytes restored: collector persists failed page and only publishes source revision after every baseline page finishes
ok   reverse mutation caught and bytes restored: rolling-history gap, upstream failed records and foreign links are explicit failures
ok   reverse mutation caught and bytes restored: cursor rejects selection/window changes and corrupted immutable cache before network access
ok   reverse mutation caught and bytes restored: old CVE modified now retains original publication, complete conditions and both CNA/ADP references
ok   reverse mutation caught and bytes restored: collector watermark advances only to real upstream coverage; invalid coverage commits no records
ok   reverse mutation caught and bytes restored: exact baseline validity identity origin and revision changes block further research without rewriting history

node:internal/modules/run_main:107
    triggerUncaughtException(
    ^

AssertionError [ERR_ASSERTION]: mutation anchor must occur exactly once: plugins/dsh-redteam-results/lib/research.js

1 !== 2

    at file:///E:/%E5%B7%A5%E4%BD%9C/WorkBuddy/WebSec/dsh/saker(github)/scripts/test-nday-planning-reverse.mjs:118:10
    at ModuleJob.run (node:internal/modules/esm/module_job:561:25)
    at async node:internal/modules/esm/loader:647:26
    at async asyncRunEntryPointWithESMLoader (node:internal/modules/run_main:101:5) {
  generatedMessage: false,
  code: 'ERR_ASSERTION',
  actual: 1,
  expected: 2,
  operator: 'strictEqual',
  diff: 'simple'
}

Node.js v24.20.0
