ok   reverse mutation caught and bytes restored: Large OSV originals retain every byte while OSV and NVD capacity limits remain distinct
ok   reverse mutation caught and bytes restored: Large OSV originals retain every byte while OSV and NVD capacity limits remain distinct
ok   reverse mutation caught and bytes restored: OSV opaque upstream IDs with internal spaces retain exact identity and original content
ok   reverse mutation caught and bytes restored: OSV modified index deduplicates ecosystems and retries a failed page without advancing watermark
ok   reverse mutation caught and bytes restored: OSV frozen manifest rejects changed window malformed chronology and archive corruption
node:internal/modules/run_main:107
    triggerUncaughtException(
    ^

AssertionError [ERR_ASSERTION]: mutation survived: OSV chunk retry drops uncommitted trailing bytes and never loads the entire download
    at file:///E:/%E5%B7%A5%E4%BD%9C/WorkBuddy/WebSec/dsh/saker(github)/scripts/test-nday-planning-reverse.mjs:123:12
    at ModuleJob.run (node:internal/modules/esm/module_job:561:25)
    at async node:internal/modules/esm/loader:647:26
    at async asyncRunEntryPointWithESMLoader (node:internal/modules/run_main:101:5) {
  generatedMessage: false,
  code: 'ERR_ASSERTION',
  actual: 0,
  expected: 0,
  operator: 'notStrictEqual',
  diff: 'simple'
}

Node.js v24.20.0
