ok   reverse mutation caught and bytes restored: Large OSV originals retain every byte while OSV and NVD capacity limits remain distinct
ok   reverse mutation caught and bytes restored: Large OSV originals retain every byte while OSV and NVD capacity limits remain distinct
ok   reverse mutation caught and bytes restored: OSV opaque upstream IDs with internal spaces retain exact identity and original content
ok   reverse mutation caught and bytes restored: OSV modified index deduplicates ecosystems and retries a failed page without advancing watermark
ok   reverse mutation caught and bytes restored: OSV frozen manifest rejects changed window malformed chronology and archive corruption
ok   reverse mutation caught and bytes restored: OSV chunk retry drops uncommitted trailing bytes and never loads the entire download
ok   reverse mutation caught and bytes restored: OSV frozen manifest rejects changed window malformed chronology and archive corruption
ok   reverse mutation caught and bytes restored: NVD version bounds require a supported evidenced comparator and preserve SemVer case and endpoints
ok   reverse mutation caught and bytes restored: NVD AND OR and environmental conditions retain three-valued eligibility without false vulnerability witnesses
ok   reverse mutation caught and bytes restored: NVD AND OR and environmental conditions retain three-valued eligibility without false vulnerability witnesses
ok   reverse mutation caught and bytes restored: NVD negation and double negation preserve unknowns and never invent configuration operators
ok   reverse mutation caught and bytes restored: CPE matching distinguishes ANY NA escaping and zero-or-one question marks without regex backtracking
ok   reverse mutation caught and bytes restored: NVD source revision and additional affected formats cannot be silently ignored
ok   reverse mutation caught and bytes restored: NVD source revision and additional affected formats cannot be silently ignored
ok   reverse mutation caught and bytes restored: NVD source revision and additional affected formats cannot be silently ignored
ok   reverse mutation caught and bytes restored: NVD native products retain exact identity default status sorted changes and semantic endpoints
ok   reverse mutation caught and bytes restored: NVD native products retain exact identity default status sorted changes and semantic endpoints
ok   reverse mutation caught and bytes restored: NVD native products retain exact identity default status sorted changes and semantic endpoints
ok   reverse mutation caught and bytes restored: NVD native context restrictions require observed evidence and reject cross-asset products
ok   reverse mutation caught and bytes restored: NVD native registry identities and providers cannot override complementary CPE conditions
ok   reverse mutation caught and bytes restored: NVD native registry identities and providers cannot override complementary CPE conditions
ok   reverse mutation caught and bytes restored: NVD native context restrictions require observed evidence and reject cross-asset products
ok   reverse mutation caught and bytes restored: NVD native product decisions process every condition beyond clipped source previews
ok   reverse mutation caught and bytes restored: OSV ranges sort transitions preserve fixed boundaries and union multiple limits
ok   reverse mutation caught and bytes restored: native unsupported ranges missing evidence and incomplete inventories never imply exclusions
ok   reverse mutation caught and bytes restored: declared aliases exclude upstream related and body-mentioned vulnerability identifiers
ok   reverse mutation caught and bytes restored: API source documents retain complete native conditions and future fields with bounded previews
ok   reverse mutation caught and bytes restored: API document cache refuses changed cached bytes invalid identities and oversized records
ok   reverse mutation caught and bytes restored: KEV upgrade corrects persisted chronology without changing source bytes history or checkpoints
ok   reverse mutation caught and bytes restored: KEV catalogue addition never replaces an old disclosure or makes legacy records fresh
ok   reverse mutation caught and bytes restored: page write failure rolls back current records, history and cursor together
ok   reverse mutation caught and bytes restored: legacy migration retains every record, original bytes and committed versus dangling revision history
ok   reverse mutation caught and bytes restored: metadata search includes alternate source text, literal two-character terms and stable bounded pages
ok   reverse mutation caught and bytes restored: metadata search includes alternate source text, literal two-character terms and stable bounded pages
ok   reverse mutation caught and bytes restored: withdrawal from the thirteenth source record is visible beyond clipped source previews
ok   reverse mutation caught and bytes restored: original content is paged by exact revision and refuses tampered bytes or paths outside the cache
ok   reverse mutation caught and bytes restored: original content is paged by exact revision and refuses tampered bytes or paths outside the cache
ok   reverse mutation caught and bytes restored: tree difference separates original content move from modification, new file and deletion
ok   reverse mutation caught and bytes restored: actual Git baseline pins HEAD, reads every file and stores original bytes without checkout or execution
ok   reverse mutation caught and bytes restored: one Git batch reads pinned byte counts and refuses corrupted content, headers and extra output
ok   reverse mutation caught and bytes restored: Nuclei and Afrog read separate actual YAML scopes with commit dates excluded from disclosure freshness
ok   reverse mutation caught and bytes restored: collector persists failed page and only publishes source revision after every baseline page finishes
ok   reverse mutation caught and bytes restored: rolling-history gap, upstream failed records and foreign links are explicit failures
ok   reverse mutation caught and bytes restored: cursor rejects selection/window changes and corrupted immutable cache before network access
ok   reverse mutation caught and bytes restored: old CVE modified now retains original publication, complete conditions and both CNA/ADP references
ok   reverse mutation caught and bytes restored: collector watermark advances only to real upstream coverage; invalid coverage commits no records
ok   reverse mutation caught and bytes restored: exact baseline validity identity origin and revision changes block further research without rewriting history
ok   reverse mutation caught and bytes restored: actual HTTP support requires distinct normal control and separate repeat; no automatic finding or global novelty
ok   reverse mutation caught and bytes restored: normal-response counterevidence refutes direction while expired controls never masquerade as negative evidence
ok   reverse mutation caught and bytes restored: normal-response counterevidence refutes direction while expired controls never masquerade as negative evidence
ok   reverse mutation caught and bytes restored: repeated no-information stops and same direction cannot restart by changing ID or budgets
ok   reverse mutation caught and bytes restored: actual HTTP support requires distinct normal control and separate repeat; no automatic finding or global novelty
ok   reverse mutation caught and bytes restored: exact baseline validity identity origin and revision changes block further research without rewriting history
ok   reverse mutation caught and bytes restored: registered research tool binds seven falsifiable fields and observed inputs to current baseline only
ok   reverse mutation caught and bytes restored: product titles IP or incomplete claimed identity do not group independent applications
ok   reverse mutation caught and bytes restored: representative calibration binds exact membership and deployment; old progress never unlocks a changed group
ok   reverse mutation caught and bytes restored: generic offline methods refuse hardcoded target credentials while retaining environment placeholders
ok   reverse mutation caught and bytes restored: model review and test receipt cannot impersonate Desktop approval or activate a pending method
ok   reverse mutation caught and bytes restored: immutable offline method preserves requests, variables, encoding, controls, OOB, code and source pins
ok   reverse mutation caught and bytes restored: model review and test receipt cannot impersonate Desktop approval or activate a pending method
ok   reverse mutation caught and bytes restored: Desktop approval activates exact tested version; staging an update preserves current method and stale writes fail atomically
ok   reverse mutation caught and bytes restored: shared method references use trusted active package; failed recheck withdraws it and downgrades context without rewriting evidence
ok   reverse mutation caught and bytes restored: stored payload tampering is detected rather than consumed as trusted code
ok   reverse mutation caught and bytes restored: actual registered task tool and monotonic guard stop extra target operations while keeping delivery available
ok   reverse mutation caught and bytes restored: Nday default stops on complete independently reviewed reproduced high impact rather than callback or unrun method
ok   reverse mutation caught and bytes restored: static portal invalid identity failed response missing scope or unobserved input cannot start deep research
ok   reverse mutation caught and bytes restored: request bytes and method content cannot silently change under an existing revision
ok   reverse mutation caught and bytes restored: current invalid baseline unreviewed method or contradictory evidence prevents historical negative reuse
ok   reverse mutation caught and bytes restored: restart resumes persisted page in frozen modification window and only then advances watermark
ok   reverse mutation caught and bytes restored: failed second page commits first page and cursor without advancing source watermark
ok   reverse mutation caught and bytes restored: same-version Desktop tarball revisions preserve distinct immutable dependencies
ok   reverse mutation caught and bytes restored: retired Web installer performs no package operations
ok   reverse mutation caught and bytes restored: actual shared-context tool and Nday planner reuse persisted current-session evidence automatically
ok   reverse mutation caught and bytes restored: shareable bundle redacts common credentials without modifying local evidence
ok   reverse mutation caught and bytes restored: literal credential scripts are refused while environment inputs remain intact
ok   reverse mutation caught and bytes restored: archive refuses traversal absolute paths and excessive contents
ok   reverse mutation caught and bytes restored: not-hit refuses unexecuted invalid-request unavailable-observation or absent evidence
ok   reverse mutation caught and bytes restored: same-context updates while identity method entry or baseline changes remain distinct
ok   reverse mutation caught and bytes restored: compact exports contain exactly three columns and never leak internal details
ok   reverse mutation caught and bytes restored: test child isolates inherited live home, preserves user bytes and removes its own home
ok   reverse mutation caught and bytes restored: duplicate feedback counts cannot inflate independently reviewed RCE outcomes
ok   reverse mutation caught and bytes restored: same mechanism and endpoint deduplicate while session outcomes stay isolated
ok   reverse mutation caught and bytes restored: interaction and legacy verified rows do not become execution outcomes
ok   reverse mutation caught and bytes restored: not-run reproduction stays explicit and never counts as reproduced delivery
ok   reverse mutation caught and bytes restored: malformed or links-only reproduction rejects without silently truncating or consuming IDs
ok   reverse mutation caught and bytes restored: desktop installer refuses before profile writes or CLI invocation
ok   reverse mutation caught and bytes restored: unknown condition supplements rather than excludes or runs and stops at its budget
ok   reverse mutation caught and bytes restored: history reuse invalidates on identity method endpoint or baseline changes
ok   reverse mutation caught and bytes restored: scope and origin reject unrelated endpoints even with matching evidence
ok   reverse mutation caught and bytes restored: asset evidence survives discovery cap and ready products interleave
ok   reverse mutation caught and bytes restored: authored OR/exact expression preserves result membership
ok   reverse mutation caught and bytes restored: authored OR/exact expression preserves result membership
ok   reverse mutation caught and bytes restored: duplicate fields remain separate clauses
ok   reverse mutation caught and bytes restored: category and article keywords cannot contaminate
ok   reverse mutation caught and bytes restored: verified new exploitation can promote an old CVE
ok   reverse mutation caught and bytes restored: an invalid authored query stays blocked
ok   reverse mutation caught and bytes restored: identity union covers all facets
all 97 reverse checks passed
